******************************************************************************
                  TI ARM Linker PC v15.12.3                    
******************************************************************************
>> Linked Wed May 09 17:28:49 2018

OUTPUT FILE NAME:   <Character_Test.out>
ENTRY POINT SYMBOL: "_c_int00"  address: 000007cd


MEMORY CONFIGURATION

         name            origin    length      used     unused   attr    fill
----------------------  --------  ---------  --------  --------  ----  --------
  FLASH                 00000000   00100000  00000d4e  000ff2b2  R  X
  SRAM                  20000000   00040000  0000021c  0003fde4  RW X


SEGMENT ALLOCATION MAP

run origin  load origin   length   init length attrs members
----------  ----------- ---------- ----------- ----- -------
00000000    00000000    00000d54   00000d54    r-x
  00000000    00000000    00000208   00000208    r-- .intvecs
  00000208    00000208    000008b6   000008b6    r-x .text
  00000ac0    00000ac0    00000254   00000254    r-- .const
  00000d18    00000d18    0000003c   0000003c    r-- .cinit
20000000    20000000    0000021c   00000000    rw-
  20000000    20000000    00000200   00000000    rw- .stack
  20000200    20000200    00000018   00000000    rw- .data
  20000218    20000218    00000004   00000000    rw- .bss


SECTION ALLOCATION MAP

 output                                  attributes/
section   page    origin      length       input sections
--------  ----  ----------  ----------   ----------------
.intvecs   0    00000000    00000208     
                  00000000    00000208     tm4c1294ncpdt_startup_ccs.obj (.intvecs)

.text      0    00000208    000008b6     
                  00000208    000001fc     driverlib.lib : sysctl.obj (.text:SysCtlClockFreqSet)
                  00000404    00000130                   : gpio.obj (.text:GPIOPadConfigSet)
                  00000534    000000a4     main.obj (.text)
                  000005d8    0000009c     rtsv7M4_T_le_v4SPD16_eabi.lib : memcpy_t2.obj (.text)
                  00000674    0000007a                                   : memset_t2.obj (.text)
                  000006ee    00000002                                   : mpu_init.obj (.text)
                  000006f0    00000070                                   : autoinit.obj (.text)
                  00000760    0000006a                                   : copy_decompress_rle.obj (.text)
                  000007ca    00000002                                   : startup.obj (.text)
                  000007cc    00000054                                   : boot.obj (.text)
                  00000820    00000054                                   : exit.obj (.text)
                  00000874    0000004c                                   : cpy_tbl.obj (.text)
                  000008c0    00000048     driverlib.lib : gpio.obj (.text:GPIOPinConfigure)
                  00000908    00000048                   : sysctl.obj (.text:_SysCtlFrequencyGet)
                  00000950    00000040                   : uart.obj (.text:UARTConfigSetExpClk)
                  00000990    00000034                   : sysctl.obj (.text:SysCtlPeripheralEnable)
                  000009c4    0000002a                   : gpio.obj (.text:GPIODirModeSet)
                  000009ee    00000002     --HOLE-- [fill = 0]
                  000009f0    0000001c                   : uart.obj (.text:UARTDisable)
                  00000a0c    0000001c                   : sysctl.obj (.text:_SysCtlMemTimingGet)
                  00000a28    00000018     rtsv7M4_T_le_v4SPD16_eabi.lib : args_main.obj (.text)
                  00000a40    00000014     driverlib.lib : uart.obj (.text:UARTEnable)
                  00000a54    00000014     rtsv7M4_T_le_v4SPD16_eabi.lib : _lock.obj (.text)
                  00000a68    00000012     driverlib.lib : gpio.obj (.text:GPIOPinTypeUART)
                  00000a7a    0000000e     rtsv7M4_T_le_v4SPD16_eabi.lib : copy_decompress_none.obj (.text:decompress:none)
                  00000a88    0000000c     driverlib.lib : uart.obj (.text:UARTCharsAvail)
                  00000a94    0000000c     tm4c1294ncpdt_startup_ccs.obj (.text)
                  00000aa0    0000000a     driverlib.lib : uart.obj (.text:UARTCharGet)
                  00000aaa    0000000a                   : uart.obj (.text:UARTCharPut)
                  00000ab4    00000006     rtsv7M4_T_le_v4SPD16_eabi.lib : copy_decompress_rle.obj (.text:decompress:rle24)
                  00000aba    00000004                                   : pre_init.obj (.text)

.const     0    00000ac0    00000254     
                  00000ac0    00000120     driverlib.lib : sysctl.obj (.const:g_pppui32XTALtoVCO)
                  00000be0    00000090                   : gpio.obj (.const:g_pui32GPIOBaseAddrs)
                  00000c70    0000006c                   : sysctl.obj (.const:g_pui32Xtals)
                  00000cdc    00000030                   : sysctl.obj (.const:g_sXTALtoMEMTIM)
                  00000d0c    00000008                   : sysctl.obj (.const)

.cinit     0    00000d18    0000003c     
                  00000d18    00000016     (.cinit..data.load) [load image, compression = rle]
                  00000d2e    00000002     --HOLE-- [fill = 0]
                  00000d30    00000009     (.cinit..bss.load) [load image, compression = rle]
                  00000d39    00000003     --HOLE-- [fill = 0]
                  00000d3c    00000008     (__TI_handler_table)
                  00000d44    00000010     (__TI_cinit_table)

.init_array 
*          0    00000000    00000000     UNINITIALIZED

.stack     0    20000000    00000200     UNINITIALIZED
                  20000000    00000200     --HOLE--

.data      0    20000200    00000018     UNINITIALIZED
                  20000200    0000000c     rtsv7M4_T_le_v4SPD16_eabi.lib : exit.obj (.data:$O1$$)
                  2000020c    00000008                                   : _lock.obj (.data:$O1$$)
                  20000214    00000004                                   : stkdepth_vars.obj (.data)

.bss       0    20000218    00000004     UNINITIALIZED
                  20000218    00000004     (.common:ui32SysClkFreq)

MODULE SUMMARY

       Module                          code   ro data   rw data
       ------                          ----   -------   -------
    .\
       tm4c1294ncpdt_startup_ccs.obj   12     520       0      
       main.obj                        164    0         4      
    +--+-------------------------------+------+---------+---------+
       Total:                          176    520       4      
                                                               
    C:/ti/TivaWare_C_Series-2.1.0.12573/driverlib/ccs/Debug/driverlib.lib
       sysctl.obj                      660    452       0      
       gpio.obj                        436    144       0      
       uart.obj                        144    0         0      
    +--+-------------------------------+------+---------+---------+
       Total:                          1240   596       0      
                                                               
    C:\ti\ccsv6\tools\compiler\arm_15.12.3.LTS\lib\rtsv7M4_T_le_v4SPD16_eabi.lib
       memcpy_t2.obj                   156    0         0      
       memset_t2.obj                   122    0         0      
       autoinit.obj                    112    0         0      
       copy_decompress_rle.obj         112    0         0      
       exit.obj                        84     0         12     
       boot.obj                        84     0         0      
       cpy_tbl.obj                     76     0         0      
       _lock.obj                       20     0         8      
       args_main.obj                   24     0         0      
       copy_decompress_none.obj        14     0         0      
       pre_init.obj                    4      0         0      
       stkdepth_vars.obj               0      0         4      
       mpu_init.obj                    2      0         0      
       startup.obj                     2      0         0      
    +--+-------------------------------+------+---------+---------+
       Total:                          812    0         24     
                                                               
       Stack:                          0      0         512    
       Linker Generated:               0      55        0      
    +--+-------------------------------+------+---------+---------+
       Grand Total:                    2228   1171      540    


LINKER GENERATED COPY TABLES

__TI_cinit_table @ 00000d44 records: 2, size/record: 8, table size: 16
	.data: load addr=00000d18, load size=00000016 bytes, run addr=20000200, run size=00000018 bytes, compression=rle
	.bss: load addr=00000d30, load size=00000009 bytes, run addr=20000218, run size=00000004 bytes, compression=rle


LINKER GENERATED HANDLER TABLE

__TI_handler_table @ 00000d3c records: 2, size/record: 4, table size: 8
	index: 0, handler: __TI_decompress_rle24
	index: 1, handler: __TI_decompress_none


GLOBAL SYMBOLS: SORTED ALPHABETICALLY BY Name 

address   name                           
-------   ----                           
00000821  C$$EXIT                        
000009c5  GPIODirModeSet                 
00000405  GPIOPadConfigSet               
000008c1  GPIOPinConfigure               
00000a69  GPIOPinTypeUART                
00000a95  ResetISR                       
UNDEFED   SHT$$INIT_ARRAY$$Base          
UNDEFED   SHT$$INIT_ARRAY$$Limit         
00000209  SysCtlClockFreqSet             
00000991  SysCtlPeripheralEnable         
00000aa1  UARTCharGet                    
00000aab  UARTCharPut                    
00000a89  UARTCharsAvail                 
00000951  UARTConfigSetExpClk            
000009f1  UARTDisable                    
00000a41  UARTEnable                     
20000200  __STACK_END                    
00000200  __STACK_SIZE                   
20000200  __STACK_TOP                    
00000d44  __TI_CINIT_Base                
00000d54  __TI_CINIT_Limit               
00000d3c  __TI_Handler_Table_Base        
00000d44  __TI_Handler_Table_Limit       
000006f1  __TI_auto_init                 
20000200  __TI_cleanup_ptr               
00000a7b  __TI_decompress_none           
00000ab5  __TI_decompress_rle24          
20000204  __TI_dtors_ptr                 
20000208  __TI_enable_exit_profile_output
ffffffff  __TI_pprof_out_hndl            
ffffffff  __TI_prof_data_size            
ffffffff  __TI_prof_data_start           
00000000  __TI_static_base__             
00000675  __aeabi_memclr                 
00000675  __aeabi_memclr4                
00000675  __aeabi_memclr8                
000005d9  __aeabi_memcpy                 
000005d9  __aeabi_memcpy4                
000005d9  __aeabi_memcpy8                
00000677  __aeabi_memset                 
00000677  __aeabi_memset4                
00000677  __aeabi_memset8                
ffffffff  __binit__                      
ffffffff  __c_args__                     
000006ef  __mpu_init                     
20000000  __stack                        
00000a29  _args_main                     
000007cd  _c_int00                       
2000020c  _lock                          
00000a63  _nop                           
00000a5b  _register_lock                 
00000a55  _register_unlock               
000007cb  _system_post_cinit             
00000abb  _system_pre_init               
20000210  _unlock                        
00000825  abort                          
ffffffff  binit                          
00000875  copy_in                        
0000082d  exit                           
00000000  g_pfnVectors                   
00000535  main                           
20000214  main_func_sp                   
000005d9  memcpy                         
0000067d  memset                         
20000218  ui32SysClkFreq                 


GLOBAL SYMBOLS: SORTED BY Symbol Address 

address   name                           
-------   ----                           
00000000  __TI_static_base__             
00000000  g_pfnVectors                   
00000200  __STACK_SIZE                   
00000209  SysCtlClockFreqSet             
00000405  GPIOPadConfigSet               
00000535  main                           
000005d9  __aeabi_memcpy                 
000005d9  __aeabi_memcpy4                
000005d9  __aeabi_memcpy8                
000005d9  memcpy                         
00000675  __aeabi_memclr                 
00000675  __aeabi_memclr4                
00000675  __aeabi_memclr8                
00000677  __aeabi_memset                 
00000677  __aeabi_memset4                
00000677  __aeabi_memset8                
0000067d  memset                         
000006ef  __mpu_init                     
000006f1  __TI_auto_init                 
000007cb  _system_post_cinit             
000007cd  _c_int00                       
00000821  C$$EXIT                        
00000825  abort                          
0000082d  exit                           
00000875  copy_in                        
000008c1  GPIOPinConfigure               
00000951  UARTConfigSetExpClk            
00000991  SysCtlPeripheralEnable         
000009c5  GPIODirModeSet                 
000009f1  UARTDisable                    
00000a29  _args_main                     
00000a41  UARTEnable                     
00000a55  _register_unlock               
00000a5b  _register_lock                 
00000a63  _nop                           
00000a69  GPIOPinTypeUART                
00000a7b  __TI_decompress_none           
00000a89  UARTCharsAvail                 
00000a95  ResetISR                       
00000aa1  UARTCharGet                    
00000aab  UARTCharPut                    
00000ab5  __TI_decompress_rle24          
00000abb  _system_pre_init               
00000d3c  __TI_Handler_Table_Base        
00000d44  __TI_CINIT_Base                
00000d44  __TI_Handler_Table_Limit       
00000d54  __TI_CINIT_Limit               
20000000  __stack                        
20000200  __STACK_END                    
20000200  __STACK_TOP                    
20000200  __TI_cleanup_ptr               
20000204  __TI_dtors_ptr                 
20000208  __TI_enable_exit_profile_output
2000020c  _lock                          
20000210  _unlock                        
20000214  main_func_sp                   
20000218  ui32SysClkFreq                 
ffffffff  __TI_pprof_out_hndl            
ffffffff  __TI_prof_data_size            
ffffffff  __TI_prof_data_start           
ffffffff  __binit__                      
ffffffff  __c_args__                     
ffffffff  binit                          
UNDEFED   SHT$$INIT_ARRAY$$Base          
UNDEFED   SHT$$INIT_ARRAY$$Limit         

[65 symbols]
